
> build
> vite build

[@lovable.dev/vite-tanstack-config] No Lovable context detected ÔÇö skipping nitro deploy plugin. Pass `nitro: true` (or `nitro: { ... }`) to force-enable.
[@lovable.dev/vite-tanstack-config] No Lovable context detected ÔÇö skipping nitro deploy plugin. Pass `nitro: true` (or `nitro: { ... }`) to force-enable.
[@lovable.dev/vite-tanstack-config] No Lovable context detected ÔÇö skipping nitro deploy plugin. Pass `nitro: true` (or `nitro: { ... }`) to force-enable.
[36mvite v7.3.5 [32mbuilding client environment for production...[36m[39m
transforming...
[32mÔ£ô[39m 2755 modules transformed.
rendering chunks...
computing gzip size...
[2mdist/client/[22m[32massets/login-illustration-DtgHAjRY.jpg       [39m[1m[2m 48.08 kB[22m[1m[22m
[2mdist/client/[22m[32massets/erp-logo-yeQXjU4Z.png                 [39m[1m[2m543.05 kB[22m[1m[22m
[2mdist/client/[22m[35massets/styles-CPi0n5r-.css                   [39m[1m[2m 93.68 kB[22m[1m[22m[2m Ôöé gzip:  15.78 kB[22m
[2mdist/client/[22m[36massets/erp-logo-CkwGkpNV.js                  [39m[1m[2m  0.06 kB[22m[1m[22m[2m Ôöé gzip:   0.08 kB[22m
[2mdist/client/[22m[36massets/minus-Cgor67Yo.js                     [39m[1m[2m  0.12 kB[22m[1m[22m[2m Ôöé gzip:   0.13 kB[22m
[2mdist/client/[22m[36massets/chevron-down-VFh6qVPA.js              [39m[1m[2m  0.13 kB[22m[1m[22m[2m Ôöé gzip:   0.14 kB[22m
[2mdist/client/[22m[36massets/chevron-right-DxktSpGk.js             [39m[1m[2m  0.13 kB[22m[1m[22m[2m Ôöé gzip:   0.14 kB[22m
[2mdist/client/[22m[36massets/loader-circle-ksoTZbvn.js             [39m[1m[2m  0.14 kB[22m[1m[22m[2m Ôöé gzip:   0.15 kB[22m
[2mdist/client/[22m[36massets/circle-check-lRDKmA66.js              [39m[1m[2m  0.17 kB[22m[1m[22m[2m Ôöé gzip:   0.17 kB[22m
[2mdist/client/[22m[36massets/trending-up-BkZ0V9Py.js               [39m[1m[2m  0.18 kB[22m[1m[22m[2m Ôöé gzip:   0.17 kB[22m
[2mdist/client/[22m[36massets/user-CiLjUKJB.js                      [39m[1m[2m  0.19 kB[22m[1m[22m[2m Ôöé gzip:   0.18 kB[22m
[2mdist/client/[22m[36massets/lock-DjvtwFd9.js                      [39m[1m[2m  0.20 kB[22m[1m[22m[2m Ôöé gzip:   0.19 kB[22m
[2mdist/client/[22m[36massets/index-DPmjG6ok.js                     [39m[1m[2m  0.23 kB[22m[1m[22m[2m Ôöé gzip:   0.17 kB[22m
[2mdist/client/[22m[36massets/download-DglhMZXo.js                  [39m[1m[2m  0.23 kB[22m[1m[22m[2m Ôöé gzip:   0.19 kB[22m
[2mdist/client/[22m[36massets/banknote-DDD3eWPc.js                  [39m[1m[2m  0.24 kB[22m[1m[22m[2m Ôöé gzip:   0.21 kB[22m
[2mdist/client/[22m[36massets/chart-column-DrRFQ38I.js              [39m[1m[2m  0.25 kB[22m[1m[22m[2m Ôöé gzip:   0.20 kB[22m
[2mdist/client/[22m[36massets/triangle-alert-Cyrx_7jX.js            [39m[1m[2m  0.27 kB[22m[1m[22m[2m Ôöé gzip:   0.22 kB[22m
[2mdist/client/[22m[36massets/wallet-CXGnXNVZ.js                    [39m[1m[2m  0.29 kB[22m[1m[22m[2m Ôöé gzip:   0.21 kB[22m
[2mdist/client/[22m[36massets/users-t8kuu2Cl.js                     [39m[1m[2m  0.31 kB[22m[1m[22m[2m Ôöé gzip:   0.23 kB[22m
[2mdist/client/[22m[36massets/file-exclamation-point-Cvp0dv40.js    [39m[1m[2m  0.31 kB[22m[1m[22m[2m Ôöé gzip:   0.23 kB[22m
[2mdist/client/[22m[36massets/shield-check-Tz-8QXI6.js              [39m[1m[2m  0.32 kB[22m[1m[22m[2m Ôöé gzip:   0.25 kB[22m
[2mdist/client/[22m[36massets/trash-2-CAYVLZ98.js                   [39m[1m[2m  0.33 kB[22m[1m[22m[2m Ôöé gzip:   0.22 kB[22m
[2mdist/client/[22m[36massets/bot-Cw15Y7Eu.js                       [39m[1m[2m  0.33 kB[22m[1m[22m[2m Ôöé gzip:   0.23 kB[22m
[2mdist/client/[22m[36massets/sparkles-YRrovNts.js                  [39m[1m[2m  0.50 kB[22m[1m[22m[2m Ôöé gzip:   0.28 kB[22m
[2mdist/client/[22m[36massets/index-Dol8yLPT.js                     [39m[1m[2m  0.53 kB[22m[1m[22m[2m Ôöé gzip:   0.38 kB[22m
[2mdist/client/[22m[36massets/label-kTV3gq58.js                     [39m[1m[2m  0.59 kB[22m[1m[22m[2m Ôöé gzip:   0.38 kB[22m
[2mdist/client/[22m[36massets/login-illustration-CEZ8EcMf.js        [39m[1m[2m  0.81 kB[22m[1m[22m[2m Ôöé gzip:   0.44 kB[22m
[2mdist/client/[22m[36massets/auth.service-D1IrOpIb.js              [39m[1m[2m  1.05 kB[22m[1m[22m[2m Ôöé gzip:   0.43 kB[22m
[2mdist/client/[22m[36massets/DataTable-BQufoodY.js                 [39m[1m[2m  1.40 kB[22m[1m[22m[2m Ôöé gzip:   0.64 kB[22m
[2mdist/client/[22m[36massets/PageHeader-DtUdhBvH.js                [39m[1m[2m  1.41 kB[22m[1m[22m[2m Ôöé gzip:   0.65 kB[22m
[2mdist/client/[22m[36massets/warehouse-CxMYF3T_.js                 [39m[1m[2m  1.56 kB[22m[1m[22m[2m Ôöé gzip:   0.64 kB[22m
[2mdist/client/[22m[36massets/StatusBadge-CCPm8vnv.js               [39m[1m[2m  1.63 kB[22m[1m[22m[2m Ôöé gzip:   0.50 kB[22m
[2mdist/client/[22m[36massets/_app.payments-QaLAOqfU.js             [39m[1m[2m  2.18 kB[22m[1m[22m[2m Ôöé gzip:   1.05 kB[22m
[2mdist/client/[22m[36massets/_app.suppliers-B6CC78U5.js            [39m[1m[2m  2.32 kB[22m[1m[22m[2m Ôöé gzip:   1.01 kB[22m
[2mdist/client/[22m[36massets/_app.products-BxriY5rU.js             [39m[1m[2m  2.55 kB[22m[1m[22m[2m Ôöé gzip:   1.09 kB[22m
[2mdist/client/[22m[36massets/_app.customers-C63zxyYt.js            [39m[1m[2m  2.62 kB[22m[1m[22m[2m Ôöé gzip:   1.22 kB[22m
[2mdist/client/[22m[36massets/_app.notifications-qfGwUZ9L.js        [39m[1m[2m  2.75 kB[22m[1m[22m[2m Ôöé gzip:   1.26 kB[22m
[2mdist/client/[22m[36massets/_app.categories-SfNJSBVU.js           [39m[1m[2m  2.85 kB[22m[1m[22m[2m Ôöé gzip:   1.27 kB[22m
[2mdist/client/[22m[36massets/AppModal-_NenJt4o.js                  [39m[1m[2m  2.86 kB[22m[1m[22m[2m Ôöé gzip:   1.21 kB[22m
[2mdist/client/[22m[36massets/tabs-B49GWBej.js                      [39m[1m[2m  3.29 kB[22m[1m[22m[2m Ôöé gzip:   1.38 kB[22m
[2mdist/client/[22m[36massets/_app.purchases-mwBB4fJE.js            [39m[1m[2m  3.50 kB[22m[1m[22m[2m Ôöé gzip:   1.58 kB[22m
[2mdist/client/[22m[36massets/_app.inventory-C2-iGuv3.js            [39m[1m[2m  3.79 kB[22m[1m[22m[2m Ôöé gzip:   1.65 kB[22m
[2mdist/client/[22m[36massets/_app.statistics-Z_Mditvf.js           [39m[1m[2m  4.41 kB[22m[1m[22m[2m Ôöé gzip:   1.56 kB[22m
[2mdist/client/[22m[36massets/_app.reports-wFOe6-PS.js              [39m[1m[2m  4.45 kB[22m[1m[22m[2m Ôöé gzip:   1.76 kB[22m
[2mdist/client/[22m[36massets/_app.sales-5vrxWIRZ.js                [39m[1m[2m  4.76 kB[22m[1m[22m[2m Ôöé gzip:   1.78 kB[22m
[2mdist/client/[22m[36massets/widgets-BitGzsYu.js                   [39m[1m[2m  4.96 kB[22m[1m[22m[2m Ôöé gzip:   1.77 kB[22m
[2mdist/client/[22m[36massets/_app.assistant-DzeQHAp1.js            [39m[1m[2m  5.00 kB[22m[1m[22m[2m Ôöé gzip:   2.41 kB[22m
[2mdist/client/[22m[36massets/_app.invoices-CrMP4qUa.js             [39m[1m[2m  5.33 kB[22m[1m[22m[2m Ôöé gzip:   1.89 kB[22m
[2mdist/client/[22m[36massets/index-DnxVBu_y.js                     [39m[1m[2m  5.33 kB[22m[1m[22m[2m Ôöé gzip:   2.07 kB[22m
[2mdist/client/[22m[36massets/reset-password-C3cDz_ZT.js            [39m[1m[2m  5.46 kB[22m[1m[22m[2m Ôöé gzip:   2.15 kB[22m
[2mdist/client/[22m[36massets/input-C_GGbl9D.js                     [39m[1m[2m  5.99 kB[22m[1m[22m[2m Ôöé gzip:   2.60 kB[22m
[2mdist/client/[22m[36massets/_app.index-Bl8UWF38.js                [39m[1m[2m  7.75 kB[22m[1m[22m[2m Ôöé gzip:   2.63 kB[22m
[2mdist/client/[22m[36massets/_app.users-CN2Z3Qsu.js                [39m[1m[2m  9.29 kB[22m[1m[22m[2m Ôöé gzip:   3.31 kB[22m
[2mdist/client/[22m[36massets/_app.settings-Bk1fWXYa.js             [39m[1m[2m 11.43 kB[22m[1m[22m[2m Ôöé gzip:   3.98 kB[22m
[2mdist/client/[22m[36massets/_app.roles-De6CIB0z.js                [39m[1m[2m 13.63 kB[22m[1m[22m[2m Ôöé gzip:   5.02 kB[22m
[2mdist/client/[22m[36massets/erp-data-BMOrt3Z6.js                  [39m[1m[2m 13.87 kB[22m[1m[22m[2m Ôöé gzip:   4.61 kB[22m
[2mdist/client/[22m[36massets/_app.ai-CYjWfWza.js                   [39m[1m[2m 15.83 kB[22m[1m[22m[2m Ôöé gzip:   6.18 kB[22m
[2mdist/client/[22m[36massets/login-jM8p076Y.js                     [39m[1m[2m 22.09 kB[22m[1m[22m[2m Ôöé gzip:   7.79 kB[22m
[2mdist/client/[22m[36massets/select-DHYbp7Ts.js                    [39m[1m[2m 22.16 kB[22m[1m[22m[2m Ôöé gzip:   7.70 kB[22m
[2mdist/client/[22m[36massets/AreaChart-CPNOVlJq.js                 [39m[1m[2m 37.08 kB[22m[1m[22m[2m Ôöé gzip:   9.54 kB[22m
[2mdist/client/[22m[36massets/client-B4XSf9K7.js                    [39m[1m[2m 46.53 kB[22m[1m[22m[2m Ôöé gzip:  18.03 kB[22m
[2mdist/client/[22m[36massets/_app-KQX1VbjH.js                      [39m[1m[2m 57.94 kB[22m[1m[22m[2m Ôöé gzip:  18.89 kB[22m
[2mdist/client/[22m[36massets/dropdown-menu-P8-TTtoP.js             [39m[1m[2m 78.58 kB[22m[1m[22m[2m Ôöé gzip:  26.47 kB[22m
[2mdist/client/[22m[36massets/generateCategoricalChart-L2s8WfMr.js  [39m[1m[2m383.87 kB[22m[1m[22m[2m Ôöé gzip: 105.92 kB[22m
[2mdist/client/[22m[36massets/index-CwzBuzBi.js                     [39m[1m[2m421.77 kB[22m[1m[22m[2m Ôöé gzip: 132.32 kB[22m
[32mÔ£ô built in 33.96s[39m
[36mvite v7.3.5 [32mbuilding ssr environment for production...[36m[39m
transforming...
"createRequestHandler", "defineHandlerCallback", "transformPipeableStreamWithRouter" and "transformReadableStreamWithRouter" are imported from external module "@tanstack/router-core/ssr/server" but never used in "node_modules/@tanstack/start-server-core/dist/esm/index.js".
"RawStream" is imported from external module "@tanstack/router-core" but never used in "node_modules/@tanstack/start-client-core/dist/esm/index.js".
"hydrate" and "json" are imported from external module "@tanstack/router-core/ssr/client" but never used in "node_modules/@tanstack/start-client-core/dist/esm/index.js".
[32mÔ£ô[39m 131 modules transformed.
rendering chunks...
[2mdist/server/[22m[36massets/erp-logo-C4ESMtut.js                    [39m[1m[2m 0.07 kB[22m[1m[22m
[2mdist/server/[22m[36massets/login-illustration-Bw5LFH-i.js          [39m[1m[2m 0.10 kB[22m[1m[22m
[2mdist/server/[22m[36massets/empty-plugin-adapters-BFgPZ6_d.js       [39m[1m[2m 0.13 kB[22m[1m[22m
[2mdist/server/[22m[36massets/label-neD-bxmC.js                       [39m[1m[2m 0.60 kB[22m[1m[22m
[2mdist/server/[22m[36massets/PageHeader-JmieIep0.js                  [39m[1m[2m 1.56 kB[22m[1m[22m
[2mdist/server/[22m[36massets/client-DBXY_OFa.js                      [39m[1m[2m 1.56 kB[22m[1m[22m
[2mdist/server/[22m[36massets/auth.service-D4ihUPbe.js                [39m[1m[2m 1.66 kB[22m[1m[22m
[2mdist/server/[22m[36massets/tabs-DFOuy8Oe.js                        [39m[1m[2m 1.71 kB[22m[1m[22m
[2mdist/server/[22m[36massets/start-ISfmv3EB.js                       [39m[1m[2m 1.71 kB[22m[1m[22m
[2mdist/server/[22m[36massets/DataTable-DqXIWfcc.js                   [39m[1m[2m 1.75 kB[22m[1m[22m
[2mdist/server/[22m[36massets/StatusBadge-DFiDFN5w.js                 [39m[1m[2m 2.01 kB[22m[1m[22m
[2mdist/server/[22m[36massets/input-DWIKlTnE.js                       [39m[1m[2m 2.41 kB[22m[1m[22m
[2mdist/server/[22m[36massets/_app.payments-CJxG_pRa.js               [39m[1m[2m 3.04 kB[22m[1m[22m
[2mdist/server/[22m[36mserver.js                                      [39m[1m[2m 3.34 kB[22m[1m[22m
[2mdist/server/[22m[36massets/_app.suppliers-CsZhrHKz.js              [39m[1m[2m 3.41 kB[22m[1m[22m
[2mdist/server/[22m[36massets/_app.notifications-OUkCXcMH.js          [39m[1m[2m 3.66 kB[22m[1m[22m
[2mdist/server/[22m[36massets/_app.products-D3YdX642.js               [39m[1m[2m 3.74 kB[22m[1m[22m
[2mdist/server/[22m[36massets/_app.customers-ItcI_z3l.js              [39m[1m[2m 3.75 kB[22m[1m[22m
[2mdist/server/[22m[36massets/_app.categories-d_W7x1lb.js             [39m[1m[2m 3.81 kB[22m[1m[22m
[2mdist/server/[22m[36massets/_app.purchases-BF_IkygV.js              [39m[1m[2m 3.98 kB[22m[1m[22m
[2mdist/server/[22m[36massets/AppModal-Ca5EZx4U.js                    [39m[1m[2m 4.10 kB[22m[1m[22m
[2mdist/server/[22m[36massets/_app.inventory-CbhHr7nn.js              [39m[1m[2m 4.70 kB[22m[1m[22m
[2mdist/server/[22m[36massets/select-DhVIdGdf.js                      [39m[1m[2m 4.97 kB[22m[1m[22m
[2mdist/server/[22m[36massets/dropdown-menu-9SWeWj5E.js               [39m[1m[2m 5.88 kB[22m[1m[22m
[2mdist/server/[22m[36massets/_app.assistant-CA-X7JDa.js              [39m[1m[2m 6.37 kB[22m[1m[22m
[2mdist/server/[22m[36massets/_app.ai-CZlFeuWa.js                     [39m[1m[2m 6.39 kB[22m[1m[22m
[2mdist/server/[22m[36massets/_app.reports-ifpIknqF.js                [39m[1m[2m 6.72 kB[22m[1m[22m
[2mdist/server/[22m[36massets/_app.statistics-C3Y7-6Rg.js             [39m[1m[2m 6.84 kB[22m[1m[22m
[2mdist/server/[22m[36massets/widgets-mg5vNQd9.js                     [39m[1m[2m 7.39 kB[22m[1m[22m
[2mdist/server/[22m[36massets/_app.sales-BFmmQF2_.js                  [39m[1m[2m 7.43 kB[22m[1m[22m
[2mdist/server/[22m[36massets/_app.invoices-Cf38TiZ3.js               [39m[1m[2m 7.64 kB[22m[1m[22m
[2mdist/server/[22m[36massets/reset-password-DF70F0Ww.js              [39m[1m[2m 8.57 kB[22m[1m[22m
[2mdist/server/[22m[36massets/_tanstack-start-manifest_v-DP8is2GQ.js  [39m[1m[2m 9.70 kB[22m[1m[22m
[2mdist/server/[22m[36massets/_app.index-DfbFVety.js                  [39m[1m[2m11.15 kB[22m[1m[22m
[2mdist/server/[22m[36massets/_app.settings-Da1LPHBt.js               [39m[1m[2m11.51 kB[22m[1m[22m
[2mdist/server/[22m[36massets/erp-data-Bmmh5Cwg.js                    [39m[1m[2m13.18 kB[22m[1m[22m
[2mdist/server/[22m[36massets/_app.users-CIkp-NC2.js                  [39m[1m[2m16.26 kB[22m[1m[22m
[2mdist/server/[22m[36massets/_app.roles-CUi_Fkci.js                  [39m[1m[2m17.60 kB[22m[1m[22m
[2mdist/server/[22m[36massets/login-B3SKOKxi.js                       [39m[1m[2m18.84 kB[22m[1m[22m
[2mdist/server/[22m[36massets/router-C0Lmx8RB.js                      [39m[1m[2m20.70 kB[22m[1m[22m
[2mdist/server/[22m[36massets/_app-fQWyExLB.js                        [39m[1m[2m21.64 kB[22m[1m[22m
[2mdist/server/[22m[36massets/server-UAyyESm8.js                      [39m[1m[2m58.47 kB[22m[1m[22m
[32mÔ£ô built in 5.82s[39m
